// Jest Snapshot v1, https://goo.gl/fbAQLP

exports[`Booking Modal List smapshot 1`] = `<div />`;
