// Jest Snapshot v1, https://goo.gl/fbAQLP

exports[`LoginForm renders LoginForm unchanged 1`] = `
.c0 {
  display: -webkit-box;
  display: -webkit-flex;
  display: -ms-flexbox;
  display: flex;
  -webkit-align-items: center;
  -webkit-box-align: center;
  -ms-flex-align: center;
  align-items: center;
  -webkit-box-pack: center;
  -webkit-justify-content: center;
  -ms-flex-pack: center;
  justify-content: center;
  background-image: url('https://picsum.photos/1084/992/?blur');
  background-size: cover;
  background-position: center center;
  min-height: 100vh;
  background-position: center;
  position: relative;
  padding: 1rem;
}

.c0::before {
  content: '';
  background-color: rgba(0,0,0,0.7);
  position: absolute;
  top: 0;
  bottom: 0;
  right: 0;
  left: 0;
}

.c1 {
  border-radius: 4px;
  box-shadow: 4px 4px 5px rgba(0,0,0,0.3);
  max-width: 500px;
  width: 100%;
}

.c2 {
  display: -webkit-box;
  display: -webkit-flex;
  display: -ms-flexbox;
  display: flex;
  -webkit-align-items: center;
  -webkit-box-align: center;
  -ms-flex-align: center;
  align-items: center;
  gap: 8px;
  margin-bottom: 16px;
}

<div>
  <div
    class="c0"
  >
    <div
      class="ant-card ant-card-bordered c1 css-dev-only-do-not-override-diro6f"
    >
      <div
        class="ant-card-body"
      >
        <div
          class="c2"
        >
          <img
            alt="Facility Booking"
            data-nimg="1"
            decoding="async"
            height="50"
            loading="lazy"
            src="/_next/image?url=%2Flogo.png&w=128&q=75"
            srcset="/_next/image?url=%2Flogo.png&w=64&q=75 1x, /_next/image?url=%2Flogo.png&w=128&q=75 2x"
            style="color: transparent;"
            width="50"
          />
          <h4
            class="ant-typography css-dev-only-do-not-override-diro6f"
            style="margin-bottom: 0px;"
          >
            Facility Booking
          </h4>
        </div>
        <form
          class="ant-form ant-form-vertical css-dev-only-do-not-override-diro6f"
        >
          <div
            class="ant-typography ant-typography-secondary css-dev-only-do-not-override-diro6f"
          >
            Enter your Email Address and Password to login
          </div>
          <div
            class="ant-form-item css-dev-only-do-not-override-diro6f"
          >
            <div
              class="ant-row ant-form-item-row css-dev-only-do-not-override-diro6f"
            >
              <div
                class="ant-col ant-form-item-label css-dev-only-do-not-override-diro6f"
              >
                <label
                  class="ant-form-item-required"
                  for="email"
                  title="Email"
                >
                  Email
                </label>
              </div>
              <div
                class="ant-col ant-form-item-control css-dev-only-do-not-override-diro6f"
              >
                <div
                  class="ant-form-item-control-input"
                >
                  <div
                    class="ant-form-item-control-input-content"
                  >
                    <span
                      class="ant-input-affix-wrapper css-dev-only-do-not-override-diro6f"
                    >
                      <input
                        aria-required="true"
                        class="ant-input css-dev-only-do-not-override-diro6f"
                        id="email"
                        placeholder="abc@example.com"
                        type="email"
                        value=""
                      />
                      <span
                        class="ant-input-suffix"
                      >
                        <span
                          class="ant-input-clear-icon ant-input-clear-icon-hidden"
                          role="button"
                          tabindex="-1"
                        >
                          <span
                            aria-label="close-circle"
                            class="anticon anticon-close-circle"
                            role="img"
                          >
                            <svg
                              aria-hidden="true"
                              data-icon="close-circle"
                              fill="currentColor"
                              focusable="false"
                              height="1em"
                              viewBox="64 64 896 896"
                              width="1em"
                            >
                              <path
                                d="M512 64C264.6 64 64 264.6 64 512s200.6 448 448 448 448-200.6 448-448S759.4 64 512 64zm165.4 618.2l-66-.3L512 563.4l-99.3 118.4-66.1.3c-4.4 0-8-3.5-8-8 0-1.9.7-3.7 1.9-5.2l130.1-155L340.5 359a8.32 8.32 0 01-1.9-5.2c0-4.4 3.6-8 8-8l66.1.3L512 464.6l99.3-118.4 66-.3c4.4 0 8 3.5 8 8 0 1.9-.7 3.7-1.9 5.2L553.5 514l130 155c1.2 1.5 1.9 3.3 1.9 5.2 0 4.4-3.6 8-8 8z"
                              />
                            </svg>
                          </span>
                        </span>
                      </span>
                    </span>
                  </div>
                </div>
              </div>
            </div>
          </div>
          <div
            class="ant-form-item css-dev-only-do-not-override-diro6f"
          >
            <div
              class="ant-row ant-form-item-row css-dev-only-do-not-override-diro6f"
            >
              <div
                class="ant-col ant-form-item-label css-dev-only-do-not-override-diro6f"
              >
                <label
                  class="ant-form-item-required"
                  for="password"
                  title="Password"
                >
                  Password
                </label>
              </div>
              <div
                class="ant-col ant-form-item-control css-dev-only-do-not-override-diro6f"
              >
                <div
                  class="ant-form-item-control-input"
                >
                  <div
                    class="ant-form-item-control-input-content"
                  >
                    <span
                      class="ant-input-affix-wrapper css-dev-only-do-not-override-diro6f"
                    >
                      <input
                        aria-required="true"
                        class="ant-input css-dev-only-do-not-override-diro6f"
                        id="password"
                        type="password"
                        value=""
                      />
                      <span
                        class="ant-input-suffix"
                      >
                        <span
                          class="ant-input-clear-icon ant-input-clear-icon-hidden"
                          role="button"
                          tabindex="-1"
                        >
                          <span
                            aria-label="close-circle"
                            class="anticon anticon-close-circle"
                            role="img"
                          >
                            <svg
                              aria-hidden="true"
                              data-icon="close-circle"
                              fill="currentColor"
                              focusable="false"
                              height="1em"
                              viewBox="64 64 896 896"
                              width="1em"
                            >
                              <path
                                d="M512 64C264.6 64 64 264.6 64 512s200.6 448 448 448 448-200.6 448-448S759.4 64 512 64zm165.4 618.2l-66-.3L512 563.4l-99.3 118.4-66.1.3c-4.4 0-8-3.5-8-8 0-1.9.7-3.7 1.9-5.2l130.1-155L340.5 359a8.32 8.32 0 01-1.9-5.2c0-4.4 3.6-8 8-8l66.1.3L512 464.6l99.3-118.4 66-.3c4.4 0 8 3.5 8 8 0 1.9-.7 3.7-1.9 5.2L553.5 514l130 155c1.2 1.5 1.9 3.3 1.9 5.2 0 4.4-3.6 8-8 8z"
                              />
                            </svg>
                          </span>
                        </span>
                      </span>
                    </span>
                  </div>
                </div>
              </div>
            </div>
          </div>
          <button
            class="ant-btn css-dev-only-do-not-override-diro6f ant-btn-primary"
            disabled=""
            type="submit"
          >
            <span>
              Login
            </span>
          </button>
        </form>
      </div>
    </div>
  </div>
</div>
`;
